{
  "id": 1236618539,
  "node_id": "R_kgDOSbVNKw",
  "name": "cave-diver",
  "full_name": "wes12345678910/cave-diver",
  "private": false,
  "owner": {
    "login": "wes12345678910",
    "id": 158511743,
    "node_id": "U_kgDOCXKyfw",
    "avatar_url": "https://avatars.githubusercontent.com/u/158511743?v=4",
    "gravatar_id": "",
    "url": "https://api.github.com/users/wes12345678910",
    "html_url": "https://github.com/wes12345678910",
    "followers_url": "https://api.github.com/users/wes12345678910/followers",
    "following_url": "https://api.github.com/users/wes12345678910/following{/other_user}",
    "gists_url": "https://api.github.com/users/wes12345678910/gists{/gist_id}",
    "starred_url": "https://api.github.com/users/wes12345678910/starred{/owner}{/repo}",
    "subscriptions_url": "https://api.github.com/users/wes12345678910/subscriptions",
    "organizations_url": "https://api.github.com/users/wes12345678910/orgs",
    "repos_url": "https://api.github.com/users/wes12345678910/repos",
    "events_url": "https://api.github.com/users/wes12345678910/events{/privacy}",
    "received_events_url": "https://api.github.com/users/wes12345678910/received_events",
    "type": "User",
    "user_view_type": "public",
    "site_admin": false
  },
  "html_url": "https://github.com/wes12345678910/cave-diver",
  "description": "Multiplayer 3D cave-diving game with mining, inventory, and stealth monsters",
  "fork": false,
  "url": "https://api.github.com/repos/wes12345678910/cave-diver",
  "forks_url": "https://api.github.com/repos/wes12345678910/cave-diver/forks",
  "keys_url": "https://api.github.com/repos/wes12345678910/cave-diver/keys{/key_id}",
  "collaborators_url": "https://api.github.com/repos/wes12345678910/cave-diver/collaborators{/collaborator}",
  "teams_url": "https://api.github.com/repos/wes12345678910/cave-diver/teams",
  "hooks_url": "https://api.github.com/repos/wes12345678910/cave-diver/hooks",
  "issue_events_url": "https://api.github.com/repos/wes12345678910/cave-diver/issues/events{/number}",
  "events_url": "https://api.github.com/repos/wes12345678910/cave-diver/events",
  "assignees_url": "https://api.github.com/repos/wes12345678910/cave-diver/assignees{/user}",
  "branches_url": "https://api.github.com/repos/wes12345678910/cave-diver/branches{/branch}",
  "tags_url": "https://api.github.com/repos/wes12345678910/cave-diver/tags",
  "blobs_url": "https://api.github.com/repos/wes12345678910/cave-diver/git/blobs{/sha}",
  "git_tags_url": "https://api.github.com/repos/wes12345678910/cave-diver/git/tags{/sha}",
  "git_refs_url": "https://api.github.com/repos/wes12345678910/cave-diver/git/refs{/sha}",
  "trees_url": "https://api.github.com/repos/wes12345678910/cave-diver/git/trees{/sha}",
  "statuses_url": "https://api.github.com/repos/wes12345678910/cave-diver/statuses/{sha}",
  "languages_url": "https://api.github.com/repos/wes12345678910/cave-diver/languages",
  "stargazers_url": "https://api.github.com/repos/wes12345678910/cave-diver/stargazers",
  "contributors_url": "https://api.github.com/repos/wes12345678910/cave-diver/contributors",
  "subscribers_url": "https://api.github.com/repos/wes12345678910/cave-diver/subscribers",
  "subscription_url": "https://api.github.com/repos/wes12345678910/cave-diver/subscription",
  "commits_url": "https://api.github.com/repos/wes12345678910/cave-diver/commits{/sha}",
  "git_commits_url": "https://api.github.com/repos/wes12345678910/cave-diver/git/commits{/sha}",
  "comments_url": "https://api.github.com/repos/wes12345678910/cave-diver/comments{/number}",
  "issue_comment_url": "https://api.github.com/repos/wes12345678910/cave-diver/issues/comments{/number}",
  "contents_url": "https://api.github.com/repos/wes12345678910/cave-diver/contents/{+path}",
  "compare_url": "https://api.github.com/repos/wes12345678910/cave-diver/compare/{base}...{head}",
  "merges_url": "https://api.github.com/repos/wes12345678910/cave-diver/merges",
  "archive_url": "https://api.github.com/repos/wes12345678910/cave-diver/{archive_format}{/ref}",
  "downloads_url": "https://api.github.com/repos/wes12345678910/cave-diver/downloads",
  "issues_url": "https://api.github.com/repos/wes12345678910/cave-diver/issues{/number}",
  "pulls_url": "https://api.github.com/repos/wes12345678910/cave-diver/pulls{/number}",
  "milestones_url": "https://api.github.com/repos/wes12345678910/cave-diver/milestones{/number}",
  "notifications_url": "https://api.github.com/repos/wes12345678910/cave-diver/notifications{?since,all,participating}",
  "labels_url": "https://api.github.com/repos/wes12345678910/cave-diver/labels{/name}",
  "releases_url": "https://api.github.com/repos/wes12345678910/cave-diver/releases{/id}",
  "deployments_url": "https://api.github.com/repos/wes12345678910/cave-diver/deployments",
  "created_at": "2026-05-12T12:17:13Z",
  "updated_at": "2026-05-12T12:17:13Z",
  "pushed_at": "2026-05-12T12:17:13Z",
  "git_url": "git://github.com/wes12345678910/cave-diver.git",
  "ssh_url": "git@github.com:wes12345678910/cave-diver.git",
  "clone_url": "https://github.com/wes12345678910/cave-diver.git",
  "svn_url": "https://github.com/wes12345678910/cave-diver",
  "homepage": null,
  "size": 0,
  "stargazers_count": 0,
  "watchers_count": 0,
  "language": null,
  "has_issues": true,
  "has_projects": true,
  "has_downloads": true,
  "has_wiki": true,
  "has_pages": false,
  "has_discussions": false,
  "forks_count": 0,
  "mirror_url": null,
  "archived": false,
  "disabled": false,
  "open_issues_count": 0,
  "license": null,
  "allow_forking": true,
  "is_template": false,
  "web_commit_signoff_required": false,
  "has_pull_requests": true,
  "pull_request_creation_policy": "all",
  "topics": [

  ],
  "visibility": "public",
  "forks": 0,
  "open_issues": 0,
  "watchers": 0,
  "default_branch": "main",
  "permissions": {
    "admin": true,
    "maintain": true,
    "push": true,
    "triage": true,
    "pull": true
  },
  "allow_squash_merge": true,
  "allow_merge_commit": true,
  "allow_rebase_merge": true,
  "allow_auto_merge": false,
  "delete_branch_on_merge": false,
  "allow_update_branch": false,
  "use_squash_pr_title_as_default": false,
  "squash_merge_commit_message": "COMMIT_MESSAGES",
  "squash_merge_commit_title": "COMMIT_OR_PR_TITLE",
  "merge_commit_message": "PR_TITLE",
  "merge_commit_title": "MERGE_MESSAGE",
  "network_count": 0,
  "subscribers_count": 0
}
